{
  "aliases": [
    "scipy.signal._peak_finding._arg_peaks_as_expected"
  ],
  "arbitrary": [],
  "content": {
    "Attributes": {
      "children": [],
      "level": 0,
      "target": null,
      "title": null,
      "type": "Section"
    },
    "Extended Summary": {
      "children": [
        {
          "children": [
            {
              "type": "text",
              "value": "Used in "
            },
            {
              "domain": null,
              "role": null,
              "type": "Directive",
              "value": "peak_prominences"
            },
            {
              "type": "text",
              "value": " and "
            },
            {
              "domain": null,
              "role": null,
              "type": "Directive",
              "value": "peak_widths"
            },
            {
              "type": "text",
              "value": " to make "
            },
            {
              "domain": null,
              "role": null,
              "type": "Directive",
              "value": "peaks"
            },
            {
              "type": "text",
              "value": " compatible with the signature of the wrapped Cython functions."
            }
          ],
          "type": "paragraph"
        }
      ],
      "level": 0,
      "target": null,
      "title": null,
      "type": "Section"
    },
    "Methods": {
      "children": [],
      "level": 0,
      "target": null,
      "title": null,
      "type": "Section"
    },
    "Notes": {
      "children": [],
      "level": 0,
      "target": null,
      "title": null,
      "type": "Section"
    },
    "Other Parameters": {
      "children": [],
      "level": 0,
      "target": null,
      "title": null,
      "type": "Section"
    },
    "Parameters": {
      "children": [],
      "level": 0,
      "target": null,
      "title": null,
      "type": "Section"
    },
    "Raises": {
      "children": [],
      "level": 0,
      "target": null,
      "title": null,
      "type": "Section"
    },
    "Receives": {
      "children": [],
      "level": 0,
      "target": null,
      "title": null,
      "type": "Section"
    },
    "Returns": {
      "children": [
        {
          "children": [
            {
              "desc": [
                {
                  "children": [
                    {
                      "type": "text",
                      "value": "A 1-D C-contiguous array with dtype('intp')."
                    }
                  ],
                  "type": "paragraph"
                }
              ],
              "param": "value",
              "type": "Param",
              "type_": "ndarray"
            }
          ],
          "type": "Parameters"
        }
      ],
      "level": 0,
      "target": null,
      "title": null,
      "type": "Section"
    },
    "Summary": {
      "children": [
        {
          "children": [
            {
              "type": "text",
              "value": "Ensure argument "
            },
            {
              "domain": null,
              "role": null,
              "type": "Directive",
              "value": "peaks"
            },
            {
              "type": "text",
              "value": " is a 1-D C-contiguous array of dtype('intp')."
            }
          ],
          "type": "paragraph"
        }
      ],
      "level": 0,
      "target": null,
      "title": null,
      "type": "Section"
    },
    "Warnings": {
      "children": [],
      "level": 0,
      "target": null,
      "title": null,
      "type": "Section"
    },
    "Warns": {
      "children": [],
      "level": 0,
      "target": null,
      "title": null,
      "type": "Section"
    },
    "Yields": {
      "children": [],
      "level": 0,
      "target": null,
      "title": null,
      "type": "Section"
    }
  },
  "example_section_data": {
    "children": [],
    "level": 0,
    "target": null,
    "title": null,
    "type": "Section"
  },
  "item_file": "/scipy/signal/_peak_finding.py",
  "item_line": 271,
  "item_type": "<class 'function'>",
  "ordered_sections": [
    "Summary",
    "Extended Summary",
    "Returns"
  ],
  "references": null,
  "see_also": [],
  "signature": {
    "type": "Signature",
    "value": "(value)"
  },
  "type": "DocBlob"
}