{
  "aliases": [
    "scipy.signal._peak_finding._arg_wlen_as_expected"
  ],
  "arbitrary": [],
  "content": {
    "Attributes": {
      "children": [],
      "level": 0,
      "target": null,
      "title": null,
      "type": "Section"
    },
    "Extended Summary": {
      "children": [
        {
          "children": [
            {
              "type": "text",
              "value": "Used in "
            },
            {
              "domain": null,
              "role": null,
              "type": "Directive",
              "value": "peak_prominences"
            },
            {
              "type": "text",
              "value": " and "
            },
            {
              "domain": null,
              "role": null,
              "type": "Directive",
              "value": "peak_widths"
            },
            {
              "type": "text",
              "value": "."
            }
          ],
          "type": "paragraph"
        }
      ],
      "level": 0,
      "target": null,
      "title": null,
      "type": "Section"
    },
    "Methods": {
      "children": [],
      "level": 0,
      "target": null,
      "title": null,
      "type": "Section"
    },
    "Notes": {
      "children": [],
      "level": 0,
      "target": null,
      "title": null,
      "type": "Section"
    },
    "Other Parameters": {
      "children": [],
      "level": 0,
      "target": null,
      "title": null,
      "type": "Section"
    },
    "Parameters": {
      "children": [],
      "level": 0,
      "target": null,
      "title": null,
      "type": "Section"
    },
    "Raises": {
      "children": [],
      "level": 0,
      "target": null,
      "title": null,
      "type": "Section"
    },
    "Receives": {
      "children": [],
      "level": 0,
      "target": null,
      "title": null,
      "type": "Section"
    },
    "Returns": {
      "children": [
        {
          "children": [
            {
              "desc": [
                {
                  "children": [
                    {
                      "type": "text",
                      "value": "The original "
                    },
                    {
                      "anchor": null,
                      "exists": true,
                      "kind": "local",
                      "reference": {
                        "kind": "local",
                        "module": null,
                        "path": "value",
                        "type": "RefInfo",
                        "version": null
                      },
                      "type": "Link",
                      "value": "value"
                    },
                    {
                      "type": "text",
                      "value": " rounded up to an integer or -1 if "
                    },
                    {
                      "anchor": null,
                      "exists": true,
                      "kind": "local",
                      "reference": {
                        "kind": "local",
                        "module": null,
                        "path": "value",
                        "type": "RefInfo",
                        "version": null
                      },
                      "type": "Link",
                      "value": "value"
                    },
                    {
                      "type": "text",
                      "value": " was None."
                    }
                  ],
                  "type": "paragraph"
                }
              ],
              "param": "value",
              "type": "Param",
              "type_": "np.intp"
            }
          ],
          "type": "Parameters"
        }
      ],
      "level": 0,
      "target": null,
      "title": null,
      "type": "Section"
    },
    "Summary": {
      "children": [
        {
          "children": [
            {
              "type": "text",
              "value": "Ensure argument "
            },
            {
              "anchor": null,
              "exists": true,
              "kind": "module",
              "reference": {
                "kind": "module",
                "module": "scipy",
                "path": "scipy.signal._peak_finding:_arg_wlen_as_expected",
                "type": "RefInfo",
                "version": "1.10.1"
              },
              "type": "Link",
              "value": "wlen"
            },
            {
              "type": "text",
              "value": " is of type "
            },
            {
              "domain": null,
              "role": null,
              "type": "Directive",
              "value": "np.intp"
            },
            {
              "type": "text",
              "value": " and larger than 1."
            }
          ],
          "type": "paragraph"
        }
      ],
      "level": 0,
      "target": null,
      "title": null,
      "type": "Section"
    },
    "Warnings": {
      "children": [],
      "level": 0,
      "target": null,
      "title": null,
      "type": "Section"
    },
    "Warns": {
      "children": [],
      "level": 0,
      "target": null,
      "title": null,
      "type": "Section"
    },
    "Yields": {
      "children": [],
      "level": 0,
      "target": null,
      "title": null,
      "type": "Section"
    }
  },
  "example_section_data": {
    "children": [],
    "level": 0,
    "target": null,
    "title": null,
    "type": "Section"
  },
  "item_file": "/scipy/signal/_peak_finding.py",
  "item_line": 297,
  "item_type": "<class 'function'>",
  "ordered_sections": [
    "Summary",
    "Extended Summary",
    "Returns"
  ],
  "references": null,
  "see_also": [],
  "signature": {
    "type": "Signature",
    "value": "(value)"
  },
  "type": "DocBlob"
}