{
  "aliases": [
    "scipy.signal._peak_finding._arg_wlen_as_expected"
  ],
  "arbitrary": [],
  "content": {
    "Attributes": {
      "children": [],
      "level": 0,
      "title": null
    },
    "Extended Summary": {
      "children": [
        {
          "data": {
            "children": [
              {
                "data": {
                  "value": "Used in "
                },
                "type": "Words"
              },
              {
                "data": {
                  "exists": true,
                  "kind": "module",
                  "reference": {
                    "kind": "module",
                    "module": "scipy",
                    "path": "scipy.signal._peak_finding.peak_prominences",
                    "version": "1.8.0"
                  },
                  "value": "peak_prominences"
                },
                "type": "Link"
              },
              {
                "data": {
                  "value": " and "
                },
                "type": "Words"
              },
              {
                "data": {
                  "exists": true,
                  "kind": "module",
                  "reference": {
                    "kind": "module",
                    "module": "scipy",
                    "path": "scipy.signal._peak_finding.peak_widths",
                    "version": "1.8.0"
                  },
                  "value": "peak_widths"
                },
                "type": "Link"
              },
              {
                "data": {
                  "value": "."
                },
                "type": "Words"
              }
            ]
          },
          "type": "Paragraph"
        }
      ],
      "level": 0,
      "title": null
    },
    "Methods": {
      "children": [],
      "level": 0,
      "title": null
    },
    "Notes": {
      "children": [],
      "level": 0,
      "title": null
    },
    "Other Parameters": {
      "children": [],
      "level": 0,
      "title": null
    },
    "Parameters": {
      "children": [],
      "level": 0,
      "title": null
    },
    "Raises": {
      "children": [],
      "level": 0,
      "title": null
    },
    "Receives": {
      "children": [],
      "level": 0,
      "title": null
    },
    "Returns": {
      "children": [
        {
          "data": {
            "children": [
              {
                "desc": [
                  {
                    "data": {
                      "children": [
                        {
                          "data": {
                            "value": "The original "
                          },
                          "type": "Words"
                        },
                        {
                          "data": {
                            "domain": null,
                            "role": null,
                            "value": "value"
                          },
                          "type": "Directive"
                        },
                        {
                          "data": {
                            "value": " rounded up to an integer or -1 if "
                          },
                          "type": "Words"
                        },
                        {
                          "data": {
                            "domain": null,
                            "role": null,
                            "value": "value"
                          },
                          "type": "Directive"
                        },
                        {
                          "data": {
                            "value": " was None."
                          },
                          "type": "Words"
                        }
                      ]
                    },
                    "type": "Paragraph"
                  }
                ],
                "param": "value",
                "type_": "np.intp"
              }
            ]
          },
          "type": "Parameters"
        }
      ],
      "level": 0,
      "title": null
    },
    "Summary": {
      "children": [
        {
          "data": {
            "children": [
              {
                "data": {
                  "value": "Ensure argument "
                },
                "type": "Words"
              },
              {
                "data": {
                  "exists": true,
                  "kind": "module",
                  "reference": {
                    "kind": "module",
                    "module": "scipy",
                    "path": "scipy.signal._peak_finding._arg_wlen_as_expected",
                    "version": "1.8.0"
                  },
                  "value": "wlen"
                },
                "type": "Link"
              },
              {
                "data": {
                  "value": " is of type "
                },
                "type": "Words"
              },
              {
                "data": {
                  "domain": null,
                  "role": null,
                  "value": "np.intp"
                },
                "type": "Directive"
              },
              {
                "data": {
                  "value": " and larger than 1."
                },
                "type": "Words"
              }
            ]
          },
          "type": "Paragraph"
        }
      ],
      "level": 0,
      "title": null
    },
    "Warnings": {
      "children": [],
      "level": 0,
      "title": null
    },
    "Warns": {
      "children": [],
      "level": 0,
      "title": null
    },
    "Yields": {
      "children": [],
      "level": 0,
      "title": null
    }
  },
  "example_section_data": {
    "children": [],
    "level": 0,
    "title": null
  },
  "item_file": "/scipy/signal/_peak_finding.py",
  "item_line": 293,
  "item_type": "<class 'function'>",
  "ordered_sections": [
    "Summary",
    "Extended Summary",
    "Returns"
  ],
  "references": null,
  "see_also": [],
  "signature": {
    "value": "_arg_wlen_as_expected(value)"
  }
}