{
  "_content": {
    "Summary": {
      "children": [
        {
          "type": "Paragraph",
          "data": {
            "inline": [
              {
                "type": "Words",
                "data": {
                  "value": "Ensure argument "
                }
              },
              {
                "type": "Directive",
                "data": {
                  "value": [
                    "wlen"
                  ],
                  "domain": null,
                  "role": null
                }
              },
              {
                "type": "Words",
                "data": {
                  "value": " is of type "
                }
              },
              {
                "type": "Directive",
                "data": {
                  "value": [
                    "np.intp"
                  ],
                  "domain": null,
                  "role": null
                }
              },
              {
                "type": "Words",
                "data": {
                  "value": " and larger than 1."
                }
              }
            ],
            "inner": []
          }
        }
      ],
      "title": null
    },
    "Extended Summary": {
      "children": [
        {
          "type": "Paragraph",
          "data": {
            "inline": [
              {
                "type": "Words",
                "data": {
                  "value": "Used in "
                }
              },
              {
                "type": "Directive",
                "data": {
                  "value": [
                    "peak",
                    "_",
                    "prominences"
                  ],
                  "domain": null,
                  "role": null
                }
              },
              {
                "type": "Words",
                "data": {
                  "value": " and "
                }
              },
              {
                "type": "Directive",
                "data": {
                  "value": [
                    "peak",
                    "_",
                    "widths"
                  ],
                  "domain": null,
                  "role": null
                }
              },
              {
                "type": "Words",
                "data": {
                  "value": "."
                }
              }
            ],
            "inner": []
          }
        }
      ],
      "title": null
    },
    "Parameters": {
      "children": [],
      "title": null
    },
    "Returns": {
      "children": [
        {
          "type": "Param",
          "data": {
            "param": "value",
            "type_": "np.intp",
            "desc": [
              {
                "type": "Paragraph",
                "data": {
                  "inline": [
                    {
                      "type": "Words",
                      "data": {
                        "value": "The original "
                      }
                    },
                    {
                      "type": "Directive",
                      "data": {
                        "value": [
                          "value"
                        ],
                        "domain": null,
                        "role": null
                      }
                    },
                    {
                      "type": "Words",
                      "data": {
                        "value": " rounded up to an integer or -1 if "
                      }
                    },
                    {
                      "type": "Directive",
                      "data": {
                        "value": [
                          "value"
                        ],
                        "domain": null,
                        "role": null
                      }
                    },
                    {
                      "type": "Words",
                      "data": {
                        "value": " was None."
                      }
                    }
                  ],
                  "inner": []
                }
              }
            ]
          }
        }
      ],
      "title": null
    },
    "Yields": {
      "children": [],
      "title": null
    },
    "Receives": {
      "children": [],
      "title": null
    },
    "Raises": {
      "children": [],
      "title": null
    },
    "Warns": {
      "children": [],
      "title": null
    },
    "Other Parameters": {
      "children": [],
      "title": null
    },
    "Attributes": {
      "children": [],
      "title": null
    },
    "Methods": {
      "children": [],
      "title": null
    },
    "Notes": {
      "children": [],
      "title": null
    },
    "Warnings": {
      "children": [],
      "title": null
    }
  },
  "refs": [],
  "ordered_sections": [
    "Summary",
    "Extended Summary",
    "Returns"
  ],
  "item_file": "/Users/bussonniermatthias/miniconda3/lib/python3.8/site-packages/scipy/signal/_peak_finding.py",
  "item_line": 293,
  "item_type": "<class 'function'>",
  "aliases": [
    "scipy.signal._peak_finding._arg_wlen_as_expected"
  ],
  "example_section_data": {
    "children": [],
    "title": null
  },
  "see_also": [],
  "signature": "_arg_wlen_as_expected(value)",
  "references": null,
  "arbitrary": []
}